<html>
<body>
<pre>
<h1>µVision Build Log</h1>
<h2>Tool Versions:</h2>
IDE-Version: ¦ÌVision V5.14.0.0
Copyright (C) 2015 ARM Ltd and ARM Germany GmbH. All rights reserved.
License Information: aven Administrator, aveb, LIC=EPPLQ-N21J2-GQC0H-WIDZU-Z3PTK-WMMBN
 
Tool Versions:
Toolchain:       MDK-ARM Professional  Version: 5.14.0.0
Toolchain Path:  H:\mdk5.14\ARM\ARMCC\Bin
C Compiler:      Armcc.exe V5.05 update 1 (build 106)
Assembler:       Armasm.exe V5.05 update 1 (build 106)
Linker/Locator:  ArmLink.exe V5.05 update 1 (build 106)
Library Manager: ArmAr.exe V5.05 update 1 (build 106)
Hex Converter:   FromElf.exe V5.05 update 1 (build 106)
CPU DLL:         SARMCM3.DLL V5.14.0.0
Dialog DLL:      DCM.DLL V1.13.1.0
Target DLL:      Segger\JL2CM3.dll V2.99.13.0
Dialog DLL:      TCM.DLL V1.14.4.0
 
<h2>Project:</h2>
G:\uart-NVIC\USER\demo.uvprojx
Project File Date:  08/03/2020

<h2>Output:</h2>
Rebuild target 'yq'
creating preprocessor file for main.c...
compiling main.c...
creating preprocessor file for stm32f4xx_it.c...
compiling stm32f4xx_it.c...
creating preprocessor file for system_stm32f4xx.c...
compiling system_stm32f4xx.c...
assembling startup_stm32f40_41xxx.s...
creating preprocessor file for led.c...
compiling led.c...
creating preprocessor file for mco.c...
compiling mco.c...
creating preprocessor file for delay.c...
compiling delay.c...
creating preprocessor file for beep.c...
compiling beep.c...
creating preprocessor file for key.c...
compiling key.c...
creating preprocessor file for usart.c...
compiling usart.c...
creating preprocessor file for funcode.c...
compiling funcode.c...
creating preprocessor file for data.c...
compiling data.c...
creating preprocessor file for protocol.c...
compiling protocol.c...
creating preprocessor file for stm32f4xx_flash.c...
compiling stm32f4xx_flash.c...
creating preprocessor file for stm32f4xx_flash_ramfunc.c...
compiling stm32f4xx_flash_ramfunc.c...
creating preprocessor file for stm32f4xx_fsmc.c...
compiling stm32f4xx_fsmc.c...
creating preprocessor file for stm32f4xx_gpio.c...
compiling stm32f4xx_gpio.c...
creating preprocessor file for stm32f4xx_rcc.c...
compiling stm32f4xx_rcc.c...
creating preprocessor file for stm32f4xx_syscfg.c...
compiling stm32f4xx_syscfg.c...
creating preprocessor file for stm32f4xx_usart.c...
compiling stm32f4xx_usart.c...
creating preprocessor file for misc.c...
compiling misc.c...
creating preprocessor file for stm32f4xx_exti.c...
compiling stm32f4xx_exti.c...
linking...
Program Size: Code=6204 RO-data=424 RW-data=188 ZI-data=4596  
FromELF: creating hex file...
"..\demo.axf" - 0 Error(s), 0 Warning(s).

<h2>Collection of Component include folders:</h2>
  G:\uart-NVIC\USER\RTE
  H:\mdk5.14\ARM\PACK\Keil\STM32F4xx_DFP\1.0.8\Device\Include

<h2>Collection of Component Files used:</h2>
</pre>
</body>
</html>
